[INFO] Scanning for projects...
[INFO] 
[INFO] -----------------------< com.thang:room-booking >-----------------------
[INFO] Building room-booking 0.0.1-SNAPSHOT
[INFO]   from pom.xml
[INFO] --------------------------------[ jar ]---------------------------------
[INFO] 
[INFO] --- resources:3.3.1:resources (default-resources) @ room-booking ---
[INFO] Copying 6 resources from src\main\resources to target\classes
[INFO] Copying 8 resources from src\main\resources to target\classes
[INFO] 
[INFO] --- compiler:3.14.1:compile (default-compile) @ room-booking ---
[INFO] Recompiling the module because of changed source code.
[INFO] Compiling 82 source files with javac [debug parameters release 25] to target\classes
[INFO] -------------------------------------------------------------
[ERROR] COMPILATION ERROR : 
[INFO] -------------------------------------------------------------
[ERROR] /D:/Desktop/Workspace/PET-project-2026/room-booking/src/main/java/com/thang/roombooking/infrastructure/redis/service/impl/RedisServiceImpl.java:[3,52] package com.thang.aurea.infrastructure.redis.service does not exist
[ERROR] /D:/Desktop/Workspace/PET-project-2026/room-booking/src/main/java/com/thang/roombooking/infrastructure/redis/service/impl/RedisServiceImpl.java:[12,42] cannot find symbol
  symbol: class RedisService
[INFO] 2 errors 
[INFO] -------------------------------------------------------------
[INFO] ------------------------------------------------------------------------
[INFO] BUILD FAILURE
[INFO] ------------------------------------------------------------------------
[INFO] Total time:  4.936 s
[INFO] Finished at: 2026-03-21T09:38:15+07:00
[INFO] ------------------------------------------------------------------------
[ERROR] Failed to execute goal org.apache.maven.plugins:maven-compiler-plugin:3.14.1:compile (default-compile) on project room-booking: Compilation failure: Compilation failure: 
[ERROR] /D:/Desktop/Workspace/PET-project-2026/room-booking/src/main/java/com/thang/roombooking/infrastructure/redis/service/impl/RedisServiceImpl.java:[3,52] package com.thang.aurea.infrastructure.redis.service does not exist
[ERROR] /D:/Desktop/Workspace/PET-project-2026/room-booking/src/main/java/com/thang/roombooking/infrastructure/redis/service/impl/RedisServiceImpl.java:[12,42] cannot find symbol
[ERROR]   symbol: class RedisService
[ERROR] -> [Help 1]
[ERROR] 
[ERROR] To see the full stack trace of the errors, re-run Maven with the -e switch.
[ERROR] Re-run Maven using the -X switch to enable full debug logging.
[ERROR] 
[ERROR] For more information about the errors and possible solutions, please read the following articles:
[ERROR] [Help 1] http://cwiki.apache.org/confluence/display/MAVEN/MojoFailureException
